<!DOCTYPE html>
<html lang="en">
<head>
    <meta http-equiv="refresh" content="0;URL=../../../../../../tidext/tidechain/technical_committee/events/struct.Approved.html">
    <title>Redirection</title>
</head>
<body>
    <p>Redirecting to <a href="../../../../../../tidext/tidechain/technical_committee/events/struct.Approved.html">../../../../../../tidext/tidechain/technical_committee/events/struct.Approved.html</a>...</p>
    <script>location.replace("../../../../../../tidext/tidechain/technical_committee/events/struct.Approved.html" + location.search + location.hash);</script>
</body>
</html>