<!DOCTYPE html>
<html lang="en">
<head>
    <meta http-equiv="refresh" content="0;URL=../../../../../tidext/lagoon/council/events/struct.Approved.html">
    <title>Redirection</title>
</head>
<body>
    <p>Redirecting to <a href="../../../../../tidext/lagoon/council/events/struct.Approved.html">../../../../../tidext/lagoon/council/events/struct.Approved.html</a>...</p>
    <script>location.replace("../../../../../tidext/lagoon/council/events/struct.Approved.html" + location.search + location.hash);</script>
</body>
</html>